
> ai-agency-site@0.1.0 build
> next build

   Ôû▓ Next.js 15.1.0
   - Environments: .env.local

   Creating an optimized production build ...
 Ô£ô Compiled successfully
   Linting and checking validity of types ...
   Collecting page data ...
   Generating static pages (0/12) ...
node.exe : Error occurred 
prerendering page "/admin". Read 
more: https://nextjs.org/docs/message
s/prerender-error
En línea: 1 Carácter: 1
+ & "C:\Program 
Files\nodejs/node.exe" "C:\Program 
Files\nodejs/node_mo ...
+ ~~~~~~~~~~~~~~~~~~~~~~~~~~~~~~~~~~~
~~~~~~~~~~~~~~~~~~~~~~~~~~~~~~~~~~
    + CategoryInfo          : NotSpe 
   cified: (Error occurred ...prere  
  nder-error:String) [], RemoteExc   
 eption
    + FullyQualifiedErrorId : Native 
   CommandError
 
Error: Could not find the module "C:\
Users\danie\Desktop\Mono\src\app\(das
hboard)\admin\page.tsx#default" in 
the React Client Manifest. This is 
probably a bug in the React Server 
Components bundler.
    at eP (C:\Users\danie\Desktop\Mon
o\node_modules\next\dist\compiled\nex
t-server\app-page.runtime.prod.js:84:
15882)
    at e$ (C:\Users\danie\Desktop\Mon
o\node_modules\next\dist\compiled\nex
t-server\app-page.runtime.prod.js:84:
23049)
    at Object.toJSON (C:\Users\danie\
Desktop\Mono\node_modules\next\dist\c
ompiled\next-server\app-page.runtime.
prod.js:84:14874)
    at stringify (<anonymous>)
    at eU (C:\Users\danie\Desktop\Mon
o\node_modules\next\dist\compiled\nex
t-server\app-page.runtime.prod.js:84:
26231)
    at eB (C:\Users\danie\Desktop\Mon
o\node_modules\next\dist\compiled\nex
t-server\app-page.runtime.prod.js:84:
26461)
    at eq (C:\Users\danie\Desktop\Mon
o\node_modules\next\dist\compiled\nex
t-server\app-page.runtime.prod.js:84:
27015)
    at AsyncLocalStorage.run (node:in
ternal/async_local_storage/async_cont
ext_frame:63:14)
    at C:\Users\danie\Desktop\Mono\no
de_modules\next\dist\compiled\next-se
rver\app-page.runtime.prod.js:84:3970
8
    at node:internal/process/task_que
ues:149:7
Export encountered an error on 
/(dashboard)/admin/page: /admin, 
exiting the build.
 Ô¿» Static worker exited with code: 
1 and signal: null
